Системе не удается найти указанный путь.
